2025-11-01T11:26:07.738+03:00  INFO 11408 --- [SpringBoot] [restartedMain] com.example.SpringBoot.Application       : Starting Application using Java 23.0.2 with PID 11408 (D:\L3\ProjetSpring\SpringBoot\target\classes started by Daemon 96 in D:\L3\ProjetSpring)
2025-11-01T11:26:07.746+03:00  INFO 11408 --- [SpringBoot] [restartedMain] com.example.SpringBoot.Application       : No active profile set, falling back to 1 default profile: "default"
2025-11-01T11:26:08.605+03:00  INFO 11408 --- [SpringBoot] [restartedMain] .e.DevToolsPropertyDefaultsPostProcessor : Devtools property defaults active! Set 'spring.devtools.add-properties' to 'false' to disable
2025-11-01T11:26:08.683+03:00  INFO 11408 --- [SpringBoot] [restartedMain] .e.DevToolsPropertyDefaultsPostProcessor : For additional web related logging consider setting the 'logging.level.web' property to 'DEBUG'
2025-11-01T11:26:16.042+03:00  INFO 11408 --- [SpringBoot] [restartedMain] .s.d.r.c.RepositoryConfigurationDelegate : Bootstrapping Spring Data JPA repositories in DEFAULT mode.
2025-11-01T11:26:16.760+03:00  INFO 11408 --- [SpringBoot] [restartedMain] .s.d.r.c.RepositoryConfigurationDelegate : Finished Spring Data repository scanning in 487 ms. Found 4 JPA repository interfaces.
2025-11-01T11:26:21.625+03:00  INFO 11408 --- [SpringBoot] [restartedMain] o.s.b.w.embedded.tomcat.TomcatWebServer  : Tomcat initialized with port 8080 (http)
2025-11-01T11:26:21.704+03:00  INFO 11408 --- [SpringBoot] [restartedMain] o.apache.catalina.core.StandardService   : Starting service [Tomcat]
2025-11-01T11:26:21.704+03:00  INFO 11408 --- [SpringBoot] [restartedMain] o.apache.catalina.core.StandardEngine    : Starting Servlet engine: [Apache Tomcat/10.1.34]
2025-11-01T11:26:22.041+03:00  INFO 11408 --- [SpringBoot] [restartedMain] o.a.c.c.C.[Tomcat].[localhost].[/]       : Initializing Spring embedded WebApplicationContext
2025-11-01T11:26:22.144+03:00  INFO 11408 --- [SpringBoot] [restartedMain] w.s.c.ServletWebServerApplicationContext : Root WebApplicationContext: initialization completed in 13430 ms
2025-11-01T11:26:24.403+03:00  INFO 11408 --- [SpringBoot] [restartedMain] o.hibernate.jpa.internal.util.LogHelper  : HHH000204: Processing PersistenceUnitInfo [name: default]
2025-11-01T11:26:24.896+03:00  INFO 11408 --- [SpringBoot] [restartedMain] org.hibernate.Version                    : HHH000412: Hibernate ORM core version 6.6.5.Final
2025-11-01T11:26:25.158+03:00  INFO 11408 --- [SpringBoot] [restartedMain] o.h.c.internal.RegionFactoryInitiator    : HHH000026: Second-level cache disabled
2025-11-01T11:26:26.450+03:00  INFO 11408 --- [SpringBoot] [restartedMain] o.s.o.j.p.SpringPersistenceUnitInfo      : No LoadTimeWeaver setup: ignoring JPA class transformer
2025-11-01T11:26:26.585+03:00  INFO 11408 --- [SpringBoot] [restartedMain] com.zaxxer.hikari.HikariDataSource       : HikariPool-1 - Starting...
2025-11-01T11:26:27.549+03:00  INFO 11408 --- [SpringBoot] [restartedMain] com.zaxxer.hikari.pool.HikariPool        : HikariPool-1 - Added connection org.postgresql.jdbc.PgConnection@15fd4ff6
2025-11-01T11:26:27.586+03:00  INFO 11408 --- [SpringBoot] [restartedMain] com.zaxxer.hikari.HikariDataSource       : HikariPool-1 - Start completed.
2025-11-01T11:26:29.014+03:00  WARN 11408 --- [SpringBoot] [restartedMain] org.hibernate.orm.deprecation            : HHH90000025: PostgreSQLDialect does not need to be specified explicitly using 'hibernate.dialect' (remove the property setting and it will be selected by default)
2025-11-01T11:26:29.259+03:00  INFO 11408 --- [SpringBoot] [restartedMain] org.hibernate.orm.connections.pooling    : HHH10001005: Database info:
	Database JDBC URL [Connecting through datasource 'HikariDataSource (HikariPool-1)']
	Database driver: undefined/unknown
	Database version: 16.3
	Autocommit mode: undefined/unknown
	Isolation level: undefined/unknown
	Minimum pool size: undefined/unknown
	Maximum pool size: undefined/unknown
2025-11-01T11:26:34.687+03:00  INFO 11408 --- [SpringBoot] [restartedMain] o.h.e.t.j.p.i.JtaPlatformInitiator       : HHH000489: No JTA platform available (set 'hibernate.transaction.jta.platform' to enable JTA platform integration)
2025-11-01T11:26:35.291+03:00  INFO 11408 --- [SpringBoot] [restartedMain] j.LocalContainerEntityManagerFactoryBean : Initialized JPA EntityManagerFactory for persistence unit 'default'
2025-11-01T11:26:36.513+03:00  INFO 11408 --- [SpringBoot] [restartedMain] o.s.d.j.r.query.QueryEnhancerFactory     : Hibernate is in classpath; If applicable, HQL parser will be used.
2025-11-01T11:26:43.138+03:00  WARN 11408 --- [SpringBoot] [restartedMain] JpaBaseConfiguration$JpaWebConfiguration : spring.jpa.open-in-view is enabled by default. Therefore, database queries may be performed during view rendering. Explicitly configure spring.jpa.open-in-view to disable this warning
2025-11-01T11:26:43.249+03:00  WARN 11408 --- [SpringBoot] [restartedMain] .s.s.UserDetailsServiceAutoConfiguration : 

Using generated security password: ee1334ec-ede1-4cec-a451-3d4b214ef37e

This generated password is for development use only. Your security configuration must be updated before running your application in production.

2025-11-01T11:26:43.349+03:00  INFO 11408 --- [SpringBoot] [restartedMain] r$InitializeUserDetailsManagerConfigurer : Global AuthenticationManager configured with UserDetailsService bean with name inMemoryUserDetailsManager
2025-11-01T11:26:46.035+03:00  WARN 11408 --- [SpringBoot] [restartedMain] o.s.b.d.a.OptionalLiveReloadServer       : Unable to start LiveReload server
2025-11-01T11:26:46.219+03:00  WARN 11408 --- [SpringBoot] [restartedMain] ConfigServletWebServerApplicationContext : Exception encountered during context initialization - cancelling refresh attempt: org.springframework.context.ApplicationContextException: Failed to start bean 'webServerStartStop'
2025-11-01T11:26:46.635+03:00  INFO 11408 --- [SpringBoot] [restartedMain] j.LocalContainerEntityManagerFactoryBean : Closing JPA EntityManagerFactory for persistence unit 'default'
2025-11-01T11:26:46.750+03:00  INFO 11408 --- [SpringBoot] [restartedMain] com.zaxxer.hikari.HikariDataSource       : HikariPool-1 - Shutdown initiated...
2025-11-01T11:26:46.868+03:00  INFO 11408 --- [SpringBoot] [restartedMain] com.zaxxer.hikari.HikariDataSource       : HikariPool-1 - Shutdown completed.
2025-11-01T11:26:47.191+03:00  INFO 11408 --- [SpringBoot] [restartedMain] .s.b.a.l.ConditionEvaluationReportLogger : 

Error starting ApplicationContext. To display the condition evaluation report re-run your application with 'debug' enabled.
2025-11-01T11:26:47.384+03:00 ERROR 11408 --- [SpringBoot] [restartedMain] o.s.b.d.LoggingFailureAnalysisReporter   : 

***************************
APPLICATION FAILED TO START
***************************

Description:

Web server failed to start. Port 8080 was already in use.

Action:

Identify and stop the process that's listening on port 8080 or configure this application to listen on another port.

